declare void @argmemonly_function(i32*) argmemonly

define i32 @test0(i32* %P, i32* noalias %P2) {
; <label>:0
	%v1 = load i32, i32* %P
	call void @argmemonly_function(i32* %P2) [ "tag"() ]
	%v2 = load i32, i32* %P
	%diff = sub i32 %v1, %v2
	ret i32 %diff
}

define i32 @test1(i32* %P, i32* noalias %P2) {
; <label>:0
	%v1 = load i32, i32* %P
	call void @argmemonly_function(i32* %P2) argmemonly [ "tag"() ]
	%v2 = load i32, i32* %P
	%diff = sub i32 %v1, %v2
	ret i32 %diff
}

define i32 @test2(i32* %P, i32* noalias %P2) {
; <label>:0
	%v1 = load i32, i32* %P
	call void @argmemonly_function(i32* %P2) [ "deopt"() ]
	%v2 = load i32, i32* %P
	%diff = sub i32 %v1, %v2
	ret i32 %diff
}
