%T = type { i32 }

@X = external global i32*
@X1 = external global %T*
@X2 = external global i32*
