define void @test() {
0:
	call void @foo()
	ret void
}

declare void @foo()
