define i32 @test(i32 %arg1, i32 %arg2) {
; <label>:0
	ret i32 ptrtoint (i32 (i32, i32)* @test to i32)
}
