define <4 x i32> @foo() {
0:
	ret <4 x i32> zeroinitializer
}
