define void @bar() {
; <label>:0
	%t = call i8 @foo(i8 10)
	%1 = zext i8 %t to i32
	ret void
}

declare i8 @foo(i8)
