define void @foo() {
0:
	%1 = bitcast i32* null to i32*
	ret void
}
