target datalayout = "A5"

define void @use_alloca() {
0:
	%alloca_array_no_align = alloca i32, i32 9, addrspace(5)
	%alloca_array_align4 = alloca i32, i32 9, align 4, addrspace(5)
	%alloca_array_no_align_metadata = alloca i32, i32 9, addrspace(5), !foo !0
	%alloca_array_align4_metadata = alloca i32, i32 9, align 4, addrspace(5), !foo !0
	%alloca_inalloca_array_no_align = alloca inalloca i32, i32 9, addrspace(5)
	%alloca_inalloca_array_align4_metadata = alloca inalloca i32, i32 9, align 4, addrspace(5), !foo !0
	ret void
}

!0 = !{}
