@foo = global i32 0

!named = !{!0, !1, !2, !3, !4, !5, !6, !7}

!0 = !DIFile(filename: "scope.h", directory: "/path/to/dir")
!1 = distinct !{}
!2 = !DIFile(filename: "path/to/file", directory: "/path/to/dir")
!3 = !DIBasicType(name: "int", size: 32, align: 32, encoding: DW_ATE_signed)
!4 = distinct !{}
!5 = !DIGlobalVariable(name: "foo", scope: !0, linkageName: "foo", file: !2, line: 7, type: !3, isLocal: true, align: 32)
!6 = !DIGlobalVariableExpression(var: !5, expr: !7)
!7 = !DIExpression(DW_OP_constu, 42, DW_OP_stack_value)
