@A = external global [2 x [3 x [5 x [7 x i32]]]]
@B = global i32* getelementptr ([2 x [3 x [5 x [7 x i32]]]], [2 x [3 x [5 x [7 x i32]]]]* @A, i64 0, i64 0, i64 2, i64 1, i64 7523)
@C = global i32* getelementptr ([2 x [3 x [5 x [7 x i32]]]], [2 x [3 x [5 x [7 x i32]]]]* @A, i64 3, i64 2, i64 0, i64 0, i64 7523)
@D = external global [1 x i32]
@E = global i32* getelementptr inbounds ([1 x i32], [1 x i32]* @D, i84 0, i64 1)
@x = external global { i32, i32 }
@y = global i32* getelementptr ({ i32, i32 }, { i32, i32 }* @x, i16 42, i32 0)
@PR23753_a = external global i8
@PR23753_b = global i8* getelementptr (i8, i8* @PR23753_a, i64 ptrtoint (i8* @PR23753_a to i64))
@nestedarray = global [2 x [4 x i8*]] zeroinitializer
@z = global <2 x i32*> getelementptr ([3 x { i32, i32 }], <2 x [3 x { i32, i32 }]*> zeroinitializer, <2 x i32> <i32 1, i32 2>, <2 x i32> <i32 2, i32 3>, <2 x i32> <i32 1, i32 1>)
@array = internal global [16 x i32] [i32 -200, i32 -199, i32 -198, i32 -197, i32 -196, i32 -195, i32 -194, i32 -193, i32 -192, i32 -191, i32 -190, i32 -189, i32 -188, i32 -187, i32 -186, i32 -185], align 16

@nestedarray.1 = alias i8*, getelementptr inbounds ([2 x [4 x i8*]], [2 x [4 x i8*]]* @nestedarray, inrange i32 0, i32 0, i32 4)
@nestedarray.2 = alias i8*, getelementptr inbounds ([2 x [4 x i8*]], [2 x [4 x i8*]]* @nestedarray, i32 0, inrange i32 0, i32 4)
@nestedarray.3 = alias i8*, getelementptr inbounds ([4 x i8*], [4 x i8*]* getelementptr inbounds ([2 x [4 x i8*]], [2 x [4 x i8*]]* @nestedarray, i32 0, inrange i32 0), i32 0, i32 0)
@nestedarray.4 = alias i8*, getelementptr inbounds ([4 x i8*], [4 x i8*]* getelementptr inbounds ([2 x [4 x i8*]], [2 x [4 x i8*]]* @nestedarray, i32 0, inrange i32 0), i32 1, i32 0)
@nestedarray.5 = alias i8*, getelementptr inbounds ([4 x i8*], [4 x i8*]* getelementptr inbounds ([2 x [4 x i8*]], [2 x [4 x i8*]]* @nestedarray, inrange i32 0, i32 0), i32 1, i32 0)

define i32* @test({ i32, i32 }* %t, i92 %n) {
; <label>:0
	%B = getelementptr { i32, i32 }, { i32, i32 }* %t, i92 %n, i32 0
	ret i32* %B
}

define <2 x i32*> @test7(<2 x { i32, i32 }*> %a) {
; <label>:0
	%w = getelementptr { i32, i32 }, <2 x { i32, i32 }*> %a, <2 x i32> <i32 5, i32 9>, <2 x i32> zeroinitializer
	ret <2 x i32*> %w
}

define <2 x i8*> @test8(<2 x [2 x i8]*> %a) {
; <label>:0
	%w = getelementptr [2 x i8], <2 x [2 x i8]*> %a, <2 x i32> <i32 0, i32 0>, <2 x i8> <i8 0, i8 1>
	ret <2 x i8*> %w
}

define i32* @test9() {
entry:
	ret i32* getelementptr ([16 x i32], [16 x i32]* @array, i64 0, i64 -13)
}
