@g1 = global i32 7 "key"="value" "key2"="value2"
@g2 = global i32 2, align 4 "key3"="value3"
@g3 = global i32 2 #0
@g4 = global i32 2, align 4 "key5"="value5" #0

attributes #0 = { "string"="value" nobuiltin norecurse }
