define half @halftest(half %A0) {
; <label>:0
	ret half %A0
}
