target triple = "x86_64-unknown-linux-gnu"

@foo = ifunc i32 (i32), i64 ()* @foo_ifunc

define internal i64 @foo_ifunc() {
entry:
	ret i64 0
}
