define <{ i32 }> @test() {
; <label>:0
	ret <{ i32 }> insertvalue (<{ i64 }> zeroinitializer, i32 4, 0)
}
