@global = global i32 0

@alias = internal hidden alias i32, i32* @global
