@foo = external global i32, !foo !0

declare !bar !1 void @bar()

!0 = distinct !{}
!1 = distinct !{}
