!foo = !{!0, !1, !2}
!\23pragma = !{!0, !1, !2}
!\3111 = !{!0, !1, !2}
!\22name\22 = !{!0, !1, !2}
!\5Cxfoo = !{!0, !1, !2}

!0 = !{!"zero"}
!1 = !{!"one"}
!2 = !{!"two"}
