define fastcc void @foo() {
; <label>:0
	ret void
}

define coldcc void @bar() {
; <label>:0
	call fastcc void @foo()
	ret void
}

define void @structret({ i8 }* sret %P) {
; <label>:0
	call void @structret({ i8 }* sret %P)
	ret void
}

define void @foo2() {
; <label>:0
	ret void
}

define coldcc void @bar2() {
; <label>:0
	call fastcc void @foo()
	ret void
}

define cc 42 void @bar3() personality i32 (...)* @__gxx_personality_v0 {
; <label>:0
	invoke fastcc void @foo()
		to label %Ok unwind label %U

Ok:
	ret void

U:
	%exn = landingpad { i8*, i32 }
		cleanup
	resume { i8*, i32 } %exn
}

define void @bar4() personality i32 (...)* @__gxx_personality_v0 {
; <label>:0
	call cc 42 void @bar()
	invoke cc 42 void @bar3()
		to label %Ok unwind label %U

Ok:
	ret void

U:
	%exn = landingpad { i8*, i32 }
		cleanup
	resume { i8*, i32 } %exn
}

declare ghccc void @ghc_callee()

define void @ghc_caller() {
; <label>:0
	call ghccc void @ghc_callee()
	ret void
}

declare hhvm_ccc void @hhvm_c_callee()

define hhvmcc void @hhvm_caller() {
; <label>:0
	call hhvm_ccc void @hhvm_c_callee()
	ret void
}

declare i32 @__gxx_personality_v0(...)
