@X = global i32 4, section "foo", align 16

define void @test() section "bar" {
; <label>:0
	ret void
}
