%FunTy = type i32 (i32)

define void @invoke(%FunTy* %x) {
; <label>:0
	%foo = call i32 %x(i32 123)
	ret void
}

define i32 @main(i32 %argc, i8** %argv, i8** %envp) {
; <label>:0
	%retval = call i32 @test(i32 %argc)
	%two = add i32 %retval, %retval
	%retval2 = call i32 @test(i32 %argc)
	%two2 = add i32 %two, %retval2
	call void @invoke(i32 (i32)* @test)
	ret i32 %two2
}

define i32 @test(i32 %i0) {
; <label>:0
	ret i32 %i0
}
