%x = type i32

define i32 @foo(i32 %in) {
label:
	ret i32 2
}
