define tailcc i32 @bar(i32 %X, i32(double, i32) *%FP) {
; <label>:0
	%Y = tail call tailcc i32 %FP(double 0.0, i32 %X)
	ret i32 %Y
}
